{"query":"Join Together (song) The Who reference Join Together","topic":-1,"documentFeatures":{"msmarco_doc_17_2981346117":{"body-bm25-similarity":12.181904,"body-f2exp-similarity":12.764254,"body-spl-similarity":13.952221,"body-pl2-similarity":12.724059,"body-ql-similarity":21.509584,"body-qljm-similarity":40.36234,"body-f2log-similarity":12.091143,"body-tf-idf-similarity":2.4347613,"body-tf-similarity":170.0,"anchor-bm25-similarity":33.513927,"anchor-f2exp-similarity":54.391113,"anchor-spl-similarity":30.651382,"anchor-pl2-similarity":43.15467,"anchor-ql-similarity":17.536383,"anchor-qljm-similarity":66.69977,"anchor-f2log-similarity":33.984867,"anchor-tf-idf-similarity":25.24268,"anchor-tf-similarity":11.0,"url-bm25-similarity":3.3305826,"url-f2exp-similarity":4.356675,"url-spl-similarity":0.9808093,"url-pl2-similarity":1.4087721,"url-ql-similarity":1.3085201,"url-qljm-similarity":8.496082,"url-f2log-similarity":3.2292702,"url-tf-idf-similarity":3.1089664,"url-tf-similarity":1.0,"title-bm25-similarity":20.102888,"title-f2exp-similarity":33.47917,"title-spl-similarity":6.7335057,"title-pl2-similarity":9.6924305,"title-ql-similarity":10.925504,"title-qljm-similarity":48.7432,"title-f2log-similarity":19.671204,"title-tf-idf-similarity":20.000904,"title-tf-similarity":5.0}}}