{"query":"http://airportchandigarh.com/transport/chandigarh-volvo-bus-schedules","topic":-1,"documentFeatures":{"msmarco_doc_00_178958616":{"body-bm25-similarity":30.318174,"body-f2exp-similarity":187.25508,"body-spl-similarity":21.968021,"body-pl2-similarity":28.33924,"body-ql-similarity":44.201477,"body-qljm-similarity":63.95264,"body-f2log-similarity":30.101748,"body-tf-idf-similarity":4.795123,"body-tf-similarity":107.0,"anchor-bm25-similarity":0.0,"anchor-f2exp-similarity":0.0,"anchor-spl-similarity":0.0,"anchor-pl2-similarity":0.0,"anchor-ql-similarity":0.0,"anchor-qljm-similarity":0.0,"anchor-f2log-similarity":0.0,"anchor-tf-idf-similarity":0.0,"anchor-tf-similarity":0.0,"url-bm25-similarity":32.355843,"url-f2exp-similarity":230.70157,"url-spl-similarity":7.726224,"url-pl2-similarity":11.003962,"url-ql-similarity":31.173002,"url-qljm-similarity":76.2489,"url-f2log-similarity":31.023136,"url-tf-idf-similarity":25.594967,"url-tf-similarity":7.0,"title-bm25-similarity":11.410612,"title-f2exp-similarity":49.265564,"title-spl-similarity":2.6583161,"title-pl2-similarity":3.8364396,"title-ql-similarity":11.294798,"title-qljm-similarity":25.612953,"title-f2log-similarity":10.859242,"title-tf-idf-similarity":8.912426,"title-tf-similarity":2.0}}}