{"query":"how long does it take to get your bsrn if you already have a bachelors degree","topic":-1,"documentFeatures":{"msmarco_doc_17_2981346117":{"body-bm25-similarity":2.495199,"body-f2exp-similarity":5.1353216,"body-spl-similarity":2.8710442,"body-pl2-similarity":1.4150404,"body-ql-similarity":1.5612885,"body-qljm-similarity":12.75075,"body-f2log-similarity":2.4181309,"body-tf-idf-similarity":0.4831325,"body-tf-similarity":29.0,"anchor-bm25-similarity":0.0,"anchor-f2exp-similarity":0.0,"anchor-spl-similarity":0.0,"anchor-pl2-similarity":0.0,"anchor-ql-similarity":0.0,"anchor-qljm-similarity":0.0,"anchor-f2log-similarity":0.0,"anchor-tf-idf-similarity":0.0,"anchor-tf-similarity":0.0,"url-bm25-similarity":0.0,"url-f2exp-similarity":0.0,"url-spl-similarity":0.0,"url-pl2-similarity":0.0,"url-ql-similarity":0.0,"url-qljm-similarity":0.0,"url-f2log-similarity":0.0,"url-tf-idf-similarity":0.0,"url-tf-similarity":0.0,"title-bm25-similarity":0.0,"title-f2exp-similarity":0.0,"title-spl-similarity":0.0,"title-pl2-similarity":0.0,"title-ql-similarity":0.0,"title-qljm-similarity":0.0,"title-f2log-similarity":0.0,"title-tf-idf-similarity":0.0,"title-tf-similarity":0.0}}}