{"query":"How to Kill Weeds Without Killing Plants","topic":-1,"documentFeatures":{"D1885729":{"body-bm25-similarity":12.610664,"body-f2exp-similarity":13.208004,"body-spl-similarity":13.318577,"body-pl2-similarity":14.889861,"body-ql-similarity":14.521108,"body-qljm-similarity":37.13992,"body-f2log-similarity":12.635502,"body-tf-idf-similarity":3.4623883,"body-tf-similarity":28.0,"url-bm25-similarity":12.098081,"url-f2exp-similarity":21.781103,"url-spl-similarity":3.0382423,"url-pl2-similarity":4.378687,"url-ql-similarity":7.6894064,"url-qljm-similarity":29.367317,"url-f2log-similarity":11.584972,"url-tf-idf-similarity":10.382603,"url-tf-similarity":3.0,"title-bm25-similarity":19.804264,"title-f2exp-similarity":28.587305,"title-spl-similarity":4.6824183,"title-pl2-similarity":6.6955056,"title-ql-similarity":8.617883,"title-qljm-similarity":48.193596,"title-f2log-similarity":18.75026,"title-tf-idf-similarity":19.233238,"title-tf-similarity":8.0,"anchor-16-07-bm25-similarity":0.0,"anchor-16-07-f2exp-similarity":0.0,"anchor-16-07-spl-similarity":0.0,"anchor-16-07-pl2-similarity":0.0,"anchor-16-07-ql-similarity":0.0,"anchor-16-07-qljm-similarity":0.0,"anchor-16-07-f2log-similarity":0.0,"anchor-16-07-tf-idf-similarity":0.0,"anchor-16-07-tf-similarity":0.0,"anchor-17-04-bm25-similarity":0.0,"anchor-17-04-f2exp-similarity":0.0,"anchor-17-04-spl-similarity":0.0,"anchor-17-04-pl2-similarity":0.0,"anchor-17-04-ql-similarity":0.0,"anchor-17-04-qljm-similarity":0.0,"anchor-17-04-f2log-similarity":0.0,"anchor-17-04-tf-idf-similarity":0.0,"anchor-17-04-tf-similarity":0.0,"anchor-18-13-bm25-similarity":0.0,"anchor-18-13-f2exp-similarity":0.0,"anchor-18-13-spl-similarity":0.0,"anchor-18-13-pl2-similarity":0.0,"anchor-18-13-ql-similarity":0.0,"anchor-18-13-qljm-similarity":0.0,"anchor-18-13-f2log-similarity":0.0,"anchor-18-13-tf-idf-similarity":0.0,"anchor-18-13-tf-similarity":0.0,"anchor-19-47-bm25-similarity":0.0,"anchor-19-47-f2exp-similarity":0.0,"anchor-19-47-spl-similarity":0.0,"anchor-19-47-pl2-similarity":0.0,"anchor-19-47-ql-similarity":0.0,"anchor-19-47-qljm-similarity":0.0,"anchor-19-47-f2log-similarity":0.0,"anchor-19-47-tf-idf-similarity":0.0,"anchor-19-47-tf-similarity":0.0,"anchor-20-05-bm25-similarity":0.0,"anchor-20-05-f2exp-similarity":0.0,"anchor-20-05-spl-similarity":0.0,"anchor-20-05-pl2-similarity":0.0,"anchor-20-05-ql-similarity":0.0,"anchor-20-05-qljm-similarity":0.0,"anchor-20-05-f2log-similarity":0.0,"anchor-20-05-tf-idf-similarity":0.0,"anchor-20-05-tf-similarity":0.0,"anchor-21-04-bm25-similarity":0.0,"anchor-21-04-f2exp-similarity":0.0,"anchor-21-04-spl-similarity":0.0,"anchor-21-04-pl2-similarity":0.0,"anchor-21-04-ql-similarity":0.0,"anchor-21-04-qljm-similarity":0.0,"anchor-21-04-f2log-similarity":0.0,"anchor-21-04-tf-idf-similarity":0.0,"anchor-21-04-tf-similarity":0.0,"anchor-comb-bm25-similarity":0.0,"anchor-comb-f2exp-similarity":0.0,"anchor-comb-spl-similarity":0.0,"anchor-comb-pl2-similarity":0.0,"anchor-comb-ql-similarity":0.0,"anchor-comb-qljm-similarity":0.0,"anchor-comb-f2log-similarity":0.0,"anchor-comb-tf-idf-similarity":0.0,"anchor-comb-tf-similarity":0.0,"anchor-comb-no-16-bm25-similarity":0.0,"anchor-comb-no-16-f2exp-similarity":0.0,"anchor-comb-no-16-spl-similarity":0.0,"anchor-comb-no-16-pl2-similarity":0.0,"anchor-comb-no-16-ql-similarity":0.0,"anchor-comb-no-16-qljm-similarity":0.0,"anchor-comb-no-16-f2log-similarity":0.0,"anchor-comb-no-16-tf-idf-similarity":0.0,"anchor-comb-no-16-tf-similarity":0.0,"orcas-bm25-similarity":0.0,"orcas-f2exp-similarity":0.0,"orcas-spl-similarity":0.0,"orcas-pl2-similarity":0.0,"orcas-ql-similarity":0.0,"orcas-qljm-similarity":0.0,"orcas-f2log-similarity":0.0,"orcas-tf-idf-similarity":0.0,"orcas-tf-similarity":0.0}}}