{"query":"Erstellt mit Storefront & WooCommerce","topic":-1,"documentFeatures":{"D2909755":{"body-bm25-similarity":7.1355686,"body-f2exp-similarity":32.391113,"body-spl-similarity":6.5639853,"body-pl2-similarity":9.464001,"body-ql-similarity":9.770239,"body-qljm-similarity":15.011931,"body-f2log-similarity":7.290807,"body-tf-idf-similarity":1.7153419,"body-tf-similarity":1.0,"url-bm25-similarity":0.0,"url-f2exp-similarity":0.0,"url-spl-similarity":0.0,"url-pl2-similarity":0.0,"url-ql-similarity":0.0,"url-qljm-similarity":0.0,"url-f2log-similarity":0.0,"url-tf-idf-similarity":0.0,"url-tf-similarity":0.0,"title-bm25-similarity":4.2973557,"title-f2exp-similarity":20.568842,"title-spl-similarity":0.47212484,"title-pl2-similarity":0.68264884,"title-ql-similarity":6.5514693,"title-qljm-similarity":12.838691,"title-f2log-similarity":3.715352,"title-tf-idf-similarity":3.1364028,"title-tf-similarity":1.0,"anchor-16-07-bm25-similarity":11.603136,"anchor-16-07-f2exp-similarity":62.17719,"anchor-16-07-spl-similarity":12.065578,"anchor-16-07-pl2-similarity":16.20735,"anchor-16-07-ql-similarity":8.12724,"anchor-16-07-qljm-similarity":13.33139,"anchor-16-07-f2log-similarity":11.682477,"anchor-16-07-tf-idf-similarity":12.185932,"anchor-16-07-tf-similarity":48.0,"anchor-17-04-bm25-similarity":11.599826,"anchor-17-04-f2exp-similarity":59.39201,"anchor-17-04-spl-similarity":12.008816,"anchor-17-04-pl2-similarity":16.050303,"anchor-17-04-ql-similarity":10.16338,"anchor-17-04-qljm-similarity":12.775615,"anchor-17-04-f2log-similarity":11.6381235,"anchor-17-04-tf-idf-similarity":12.625755,"anchor-17-04-tf-similarity":1957.0,"anchor-18-13-bm25-similarity":37.33232,"anchor-18-13-f2exp-similarity":148.11562,"anchor-18-13-spl-similarity":24.733578,"anchor-18-13-pl2-similarity":34.370567,"anchor-18-13-ql-similarity":34.561577,"anchor-18-13-qljm-similarity":44.21885,"anchor-18-13-f2log-similarity":36.515335,"anchor-18-13-tf-idf-similarity":16.519846,"anchor-18-13-tf-similarity":3192.0,"anchor-19-47-bm25-similarity":37.27616,"anchor-19-47-f2exp-similarity":140.07057,"anchor-19-47-spl-similarity":24.199633,"anchor-19-47-pl2-similarity":34.019646,"anchor-19-47-ql-similarity":33.54805,"anchor-19-47-qljm-similarity":42.93774,"anchor-19-47-f2log-similarity":36.522064,"anchor-19-47-tf-idf-similarity":15.428418,"anchor-19-47-tf-similarity":3984.0,"anchor-20-05-bm25-similarity":37.33418,"anchor-20-05-f2exp-similarity":144.39253,"anchor-20-05-spl-similarity":24.514256,"anchor-20-05-pl2-similarity":34.298862,"anchor-20-05-ql-similarity":33.68268,"anchor-20-05-qljm-similarity":43.072334,"anchor-20-05-f2log-similarity":36.59023,"anchor-20-05-tf-idf-similarity":15.195649,"anchor-20-05-tf-similarity":3949.0,"anchor-21-04-bm25-similarity":37.60479,"anchor-21-04-f2exp-similarity":144.6739,"anchor-21-04-spl-similarity":24.088001,"anchor-21-04-pl2-similarity":34.027855,"anchor-21-04-ql-similarity":32.880737,"anchor-21-04-qljm-similarity":42.22744,"anchor-21-04-f2log-similarity":36.876404,"anchor-21-04-tf-idf-similarity":15.226389,"anchor-21-04-tf-similarity":4078.0,"anchor-comb-bm25-similarity":37.64389,"anchor-comb-f2exp-similarity":133.34515,"anchor-comb-spl-similarity":32.888283,"anchor-comb-pl2-similarity":43.560543,"anchor-comb-ql-similarity":34.75345,"anchor-comb-qljm-similarity":43.702087,"anchor-comb-f2log-similarity":37.429962,"anchor-comb-tf-idf-similarity":15.554695,"anchor-comb-tf-similarity":17208.0,"anchor-comb-no-16-bm25-similarity":37.53613,"anchor-comb-no-16-f2exp-similarity":132.62073,"anchor-comb-no-16-spl-similarity":31.99373,"anchor-comb-no-16-pl2-similarity":42.604683,"anchor-comb-no-16-ql-similarity":34.43029,"anchor-comb-no-16-qljm-similarity":43.378937,"anchor-comb-no-16-f2log-similarity":37.289413,"anchor-comb-no-16-tf-idf-similarity":15.528714,"anchor-comb-no-16-tf-similarity":17160.0,"orcas-bm25-similarity":15.6697035,"orcas-f2exp-similarity":81.576096,"orcas-spl-similarity":7.9694247,"orcas-pl2-similarity":11.541535,"orcas-ql-similarity":16.151812,"orcas-qljm-similarity":25.134642,"orcas-f2log-similarity":15.1133175,"orcas-tf-idf-similarity":8.191403,"orcas-tf-similarity":34.0}}}
