1 1:1090311 2:6.0166183 3:5.607375 4:4.092708 5:4.706899 6:7.244738 7:14.181548 8:5.717017 9:1.0725099 10:321.0 11:0.0 12:0.0 13:0.0 14:0.0 15:0.0 16:0.0 17:0.0 18:0.0 19:0.0 20:4.904618 21:10.616128 22:1.9948121 23:2.8757951 24:2.9731674 25:11.334622 26:4.8564687 27:6.554533 28:1.0 29:7.580994 30:14.336913 31:7.547449 32:9.949312 33:7.1680427 34:9.934192 35:7.566821 36:5.081198 37:452.0 38:8.7661495 39:14.894001 40:7.48988 41:9.916091 42:7.9484506 43:13.203759 44:8.531042 45:5.5594 46:520.0 47:9.212866 48:14.471718 49:7.7888584 50:10.025941 51:9.267184 52:14.313749 53:8.921597 54:5.686173 55:1012.0 56:8.54594 57:13.641667 58:7.454386 59:9.679138 60:8.836189 61:14.017209 62:8.2871 63:5.5655217 64:724.0 65:9.348539 66:14.053547 67:7.7752004 68:9.936002 69:8.987881 70:14.057504 71:9.05758 72:5.7526174 73:949.0 74:8.826133 75:13.772553 76:7.3755856 77:9.638531 78:8.713087 79:14.335286 80:8.562037 81:5.552081 82:417.0 83:9.291153 84:12.989067 85:8.994183 86:10.251712 87:9.119736 88:13.704722 89:9.083848 90:5.0786834 91:4074.0 92:9.3569145 93:13.082547 94:9.013313 95:10.313046 96:9.410319 97:14.031446 98:9.158228 99:5.3676524 100:3622.0 101:9.758806 102:18.50928 103:5.686489 104:8.085944 105:8.37732 106:15.537158 107:9.518146 108:5.836766 109:87.0 110:0 111:3 112:0 113:0 114:0 115:53 116:2 117:2 118:9693 119:2 120:1.295276E-4 121:2.4846808E7 122:10
0 1:1090311 2:4.9832096 3:4.8724627 4:4.744863 5:5.363034 6:7.268688 7:13.654649 8:4.9566574 9:1.1947924 10:28.0 11:6.598146 12:11.971948 13:1.3817906 14:1.981788 15:4.0055294 16:16.96273 17:6.2089005 18:5.2768097 19:2.0 20:6.790642 21:11.7454815 22:1.7986724 23:2.5756114 24:3.2440546 25:17.218998 26:6.528393 27:7.221268 28:2.0 29:0.0 30:0.0 31:0.0 32:0.0 33:0.0 34:0.0 35:0.0 36:0.0 37:0.0 38:0.0 39:0.0 40:0.0 41:0.0 42:0.0 43:0.0 44:0.0 45:0.0 46:0.0 47:0.0 48:0.0 49:0.0 50:0.0 51:0.0 52:0.0 53:0.0 54:0.0 55:0.0 56:0.0 57:0.0 58:0.0 59:0.0 60:0.0 61:0.0 62:0.0 63:0.0 64:0.0 65:9.468631 66:14.087852 67:9.762392 68:12.888271 69:5.1281805 70:17.67822 71:9.539157 72:6.723405 73:7.0 74:6.0780387 75:10.597749 76:6.5000153 77:8.797136 78:3.46321 79:10.750796 80:6.1382794 81:5.7980456 82:3.0 83:8.999931 84:12.723371 85:11.051114 86:13.2150345 87:5.7876873 88:17.779926 89:9.064838 90:6.311686 91:10.0 92:9.011468 93:12.753544 94:10.907694 95:13.146717 96:5.8060293 97:17.785282 98:9.075429 99:6.319274 100:10.0 101:5.266149 102:11.595957 103:5.033003 104:7.2034454 105:3.4946992 106:11.877771 107:5.3800707 108:6.5100336 109:1.0 110:0 111:3 112:0 113:0 114:0 115:92 116:3 117:1 118:770 119:5 120:4.938E-7 121:1.8903694E7 122:552