{"2":"body-qljm-similarity","3":"body-bm25-similarity","4":"body-f2exp-similarity","5":"body-ql-similarity","6":"body-f2log-similarity","7":"body-pl2-similarity","8":"body-tf-similarity","9":"body-spl-similarity","10":"body-tf-idf-similarity","11":"url-ql-similarity","12":"url-bm25-similarity","13":"url-tf-similarity","14":"url-spl-similarity","15":"url-f2log-similarity","16":"url-tf-idf-similarity","17":"url-qljm-similarity","18":"url-pl2-similarity","19":"url-f2exp-similarity","20":"title-tf-similarity","21":"title-bm25-similarity","22":"title-ql-similarity","23":"title-pl2-similarity","24":"title-qljm-similarity","25":"title-tf-idf-similarity","26":"title-spl-similarity","27":"title-f2exp-similarity","28":"title-f2log-similarity","29":"feature_url_length","30":"feature_slashes_in_url","31":"feature_dots_in_host","32":"feature_body_length","33":"feature_title_length","34":"feature_pagerank","35":"feature_harmonic_mean","36":"feature_alexa_rank","37":"feature_is_5w1h_query","38":"feature_query_length_in_tokens","39":"feature_gpe_entities","40":"feature_org_entities","41":"feature_person_entities","42":"feature_query_is_comparative"}