{"2":"body-bm25-similarity","3":"body-f2exp-similarity","4":"body-spl-similarity","5":"body-pl2-similarity","6":"body-ql-similarity","7":"body-qljm-similarity","8":"body-f2log-similarity","9":"body-tf-idf-similarity","10":"body-tf-similarity","11":"url-bm25-similarity","12":"url-f2exp-similarity","13":"url-spl-similarity","14":"url-pl2-similarity","15":"url-ql-similarity","16":"url-qljm-similarity","17":"url-f2log-similarity","18":"url-tf-idf-similarity","19":"url-tf-similarity","20":"title-bm25-similarity","21":"title-f2exp-similarity","22":"title-spl-similarity","23":"title-pl2-similarity","24":"title-ql-similarity","25":"title-qljm-similarity","26":"title-f2log-similarity","27":"title-tf-idf-similarity","28":"title-tf-similarity","29":"orcas-bm25-similarity","30":"orcas-f2exp-similarity","31":"orcas-spl-similarity","32":"orcas-pl2-similarity","33":"orcas-ql-similarity","34":"orcas-qljm-similarity","35":"orcas-f2log-similarity","36":"orcas-tf-idf-similarity","37":"orcas-tf-similarity","38":"feature_is_5w1h_query","39":"feature_query_length_in_tokens","40":"feature_gpe_entities","41":"feature_org_entities","42":"feature_person_entities","43":"feature_url_length","44":"feature_slashes_in_url","45":"feature_dots_in_host","46":"feature_body_length","47":"feature_title_length","48":"feature_pagerank","49":"feature_harmonic_mean","50":"feature_alexa_rank"}