{"2":"body-bm25-similarity","3":"body-f2exp-similarity","4":"body-spl-similarity","5":"body-pl2-similarity","6":"body-ql-similarity","7":"body-qljm-similarity","8":"body-f2log-similarity","9":"body-tf-idf-similarity","10":"body-tf-similarity","11":"url-bm25-similarity","12":"url-f2exp-similarity","13":"url-spl-similarity","14":"url-pl2-similarity","15":"url-ql-similarity","16":"url-qljm-similarity","17":"url-f2log-similarity","18":"url-tf-idf-similarity","19":"url-tf-similarity","20":"title-bm25-similarity","21":"title-f2exp-similarity","22":"title-spl-similarity","23":"title-pl2-similarity","24":"title-ql-similarity","25":"title-qljm-similarity","26":"title-f2log-similarity","27":"title-tf-idf-similarity","28":"title-tf-similarity","29":"feature_is_5w1h_query","30":"feature_query_length_in_tokens","31":"feature_gpe_entities","32":"feature_org_entities","33":"feature_person_entities","34":"feature_url_length","35":"feature_slashes_in_url","36":"feature_dots_in_host","37":"feature_body_length","38":"feature_title_length","39":"feature_pagerank","40":"feature_harmonic_mean","41":"feature_alexa_rank"}