{"2":"body-bm25-similarity","3":"body-f2exp-similarity","4":"body-spl-similarity","5":"body-pl2-similarity","6":"body-ql-similarity","7":"body-qljm-similarity","8":"body-f2log-similarity","9":"body-tf-idf-similarity","10":"body-tf-similarity","11":"url-bm25-similarity","12":"url-f2exp-similarity","13":"url-spl-similarity","14":"url-pl2-similarity","15":"url-ql-similarity","16":"url-qljm-similarity","17":"url-f2log-similarity","18":"url-tf-idf-similarity","19":"url-tf-similarity","20":"title-bm25-similarity","21":"title-f2exp-similarity","22":"title-spl-similarity","23":"title-pl2-similarity","24":"title-ql-similarity","25":"title-qljm-similarity","26":"title-f2log-similarity","27":"title-tf-idf-similarity","28":"title-tf-similarity","29":"anchor-16-07-bm25-similarity","30":"anchor-16-07-f2exp-similarity","31":"anchor-16-07-spl-similarity","32":"anchor-16-07-pl2-similarity","33":"anchor-16-07-ql-similarity","34":"anchor-16-07-qljm-similarity","35":"anchor-16-07-f2log-similarity","36":"anchor-16-07-tf-idf-similarity","37":"anchor-16-07-tf-similarity","38":"anchor-17-04-bm25-similarity","39":"anchor-17-04-f2exp-similarity","40":"anchor-17-04-spl-similarity","41":"anchor-17-04-pl2-similarity","42":"anchor-17-04-ql-similarity","43":"anchor-17-04-qljm-similarity","44":"anchor-17-04-f2log-similarity","45":"anchor-17-04-tf-idf-similarity","46":"anchor-17-04-tf-similarity","47":"anchor-18-13-bm25-similarity","48":"anchor-18-13-f2exp-similarity","49":"anchor-18-13-spl-similarity","50":"anchor-18-13-pl2-similarity","51":"anchor-18-13-ql-similarity","52":"anchor-18-13-qljm-similarity","53":"anchor-18-13-f2log-similarity","54":"anchor-18-13-tf-idf-similarity","55":"anchor-18-13-tf-similarity","56":"anchor-19-47-bm25-similarity","57":"anchor-19-47-f2exp-similarity","58":"anchor-19-47-spl-similarity","59":"anchor-19-47-pl2-similarity","60":"anchor-19-47-ql-similarity","61":"anchor-19-47-qljm-similarity","62":"anchor-19-47-f2log-similarity","63":"anchor-19-47-tf-idf-similarity","64":"anchor-19-47-tf-similarity","65":"anchor-20-05-bm25-similarity","66":"anchor-20-05-f2exp-similarity","67":"anchor-20-05-spl-similarity","68":"anchor-20-05-pl2-similarity","69":"anchor-20-05-ql-similarity","70":"anchor-20-05-qljm-similarity","71":"anchor-20-05-f2log-similarity","72":"anchor-20-05-tf-idf-similarity","73":"anchor-20-05-tf-similarity","74":"anchor-21-04-bm25-similarity","75":"anchor-21-04-f2exp-similarity","76":"anchor-21-04-spl-similarity","77":"anchor-21-04-pl2-similarity","78":"anchor-21-04-ql-similarity","79":"anchor-21-04-qljm-similarity","80":"anchor-21-04-f2log-similarity","81":"anchor-21-04-tf-idf-similarity","82":"anchor-21-04-tf-similarity","83":"anchor-comb-bm25-similarity","84":"anchor-comb-f2exp-similarity","85":"anchor-comb-spl-similarity","86":"anchor-comb-pl2-similarity","87":"anchor-comb-ql-similarity","88":"anchor-comb-qljm-similarity","89":"anchor-comb-f2log-similarity","90":"anchor-comb-tf-idf-similarity","91":"anchor-comb-tf-similarity","92":"anchor-comb-no-16-bm25-similarity","93":"anchor-comb-no-16-f2exp-similarity","94":"anchor-comb-no-16-spl-similarity","95":"anchor-comb-no-16-pl2-similarity","96":"anchor-comb-no-16-ql-similarity","97":"anchor-comb-no-16-qljm-similarity","98":"anchor-comb-no-16-f2log-similarity","99":"anchor-comb-no-16-tf-idf-similarity","100":"anchor-comb-no-16-tf-similarity","101":"orcas-bm25-similarity","102":"orcas-f2exp-similarity","103":"orcas-spl-similarity","104":"orcas-pl2-similarity","105":"orcas-ql-similarity","106":"orcas-qljm-similarity","107":"orcas-f2log-similarity","108":"orcas-tf-idf-similarity","109":"orcas-tf-similarity","110":"feature_is_5w1h_query","111":"feature_query_length_in_tokens","112":"feature_gpe_entities","113":"feature_org_entities","114":"feature_person_entities","115":"feature_url_length","116":"feature_slashes_in_url","117":"feature_dots_in_host","118":"feature_body_length","119":"feature_title_length","120":"feature_pagerank","121":"feature_harmonic_mean","122":"feature_alexa_rank"}