{"2":"anchor-tf-similarity","3":"anchor-f2log-similarity","4":"anchor-f2exp-similarity","5":"anchor-tf-idf-similarity","6":"anchor-spl-similarity","7":"anchor-ql-similarity","8":"anchor-bm25-similarity","9":"anchor-pl2-similarity","10":"anchor-qljm-similarity","11":"body-qljm-similarity","12":"body-bm25-similarity","13":"body-f2exp-similarity","14":"body-ql-similarity","15":"body-f2log-similarity","16":"body-pl2-similarity","17":"body-tf-similarity","18":"body-spl-similarity","19":"body-tf-idf-similarity","20":"url-ql-similarity","21":"url-bm25-similarity","22":"url-tf-similarity","23":"url-spl-similarity","24":"url-f2log-similarity","25":"url-tf-idf-similarity","26":"url-qljm-similarity","27":"url-pl2-similarity","28":"url-f2exp-similarity","29":"title-tf-similarity","30":"title-bm25-similarity","31":"title-ql-similarity","32":"title-pl2-similarity","33":"title-qljm-similarity","34":"title-tf-idf-similarity","35":"title-spl-similarity","36":"title-f2exp-similarity","37":"title-f2log-similarity","38":"feature_url_length","39":"feature_slashes_in_url","40":"feature_dots_in_host","41":"feature_body_length","42":"feature_title_length","43":"feature_pagerank","44":"feature_harmonic_mean","45":"feature_alexa_rank","46":"feature_is_5w1h_query","47":"feature_query_length_in_tokens","48":"feature_gpe_entities","49":"feature_org_entities","50":"feature_person_entities","51":"feature_query_is_comparative"}