0 1:1000006 2:4.0 3:6.034146 4:9.758755 5:4.5531254 6:5.503955 7:3.2408369 8:6.0053463 9:7.618813 10:9.833458 11:29.889687 12:10.337326 13:12.912055 14:12.985181 15:10.177809 16:9.978658 17:138.0 18:9.915896 19:1.958054 20:2.1471844 21:3.7157185 22:1.0 23:0.8771849 24:3.5384357 25:3.0264559 26:9.190033 27:1.263686 28:5.866721 29:1.0 30:3.70238 31:1.7869432 32:1.5483495 33:9.105296 34:3.4133742 35:1.07577 36:5.5104713 37:3.5867143 38:73 39:4 40:2 41:2477 42:8 43:0.0 44:0.0 45:32983 46:1 47:9 48:0 49:0 50:0 51:1
0 1:1000006 2:0.0 3:0.0 4:0.0 5:0.0 6:0.0 7:0.0 8:0.0 9:0.0 10:0.0 11:31.307268 12:10.284065 13:12.909918 14:12.766182 15:10.198633 16:9.606871 17:41.0 18:9.305095 19:1.6801254 20:0.0 21:0.0 22:0.0 23:0.0 24:0.0 25:0.0 26:0.0 27:0.0 28:0.0 29:0.0 30:0.0 31:0.0 32:0.0 33:0.0 34:0.0 35:0.0 36:0.0 37:0.0 38:27 39:2 40:1 41:818 42:12 43:2.61E-8 44:1.7220784E7 45:169904 46:1 47:9 48:0 49:0 50:0 51:1
0 1:1000412 2:1.0 3:5.968103 4:15.417582 5:9.9817095 6:7.0542226 7:3.3183775 8:5.8184376 9:9.982818 10:12.387515 11:43.85325 12:20.484116 13:22.398296 14:22.988028 15:19.673857 16:12.836817 17:117.0 18:9.908228 19:2.236061 20:0.0 21:0.0 22:0.0 23:0.0 24:0.0 25:0.0 26:0.0 27:0.0 28:0.0 29:0.0 30:0.0 31:0.0 32:0.0 33:0.0 34:0.0 35:0.0 36:0.0 37:0.0 38:44 39:2 40:2 41:3652 42:7 43:3.85E-8 44:1.6836974E7 45:102 46:1 47:16 48:0 49:0 50:0 51:0
0 1:1000412 2:0.0 3:0.0 4:0.0 5:0.0 6:0.0 7:0.0 8:0.0 9:0.0 10:0.0 11:39.118214 12:18.977247 13:20.256464 14:20.428116 15:18.106066 16:8.6195345 17:34.0 18:6.3394017 19:1.4111233 20:0.0 21:0.0 22:0.0 23:0.0 24:0.0 25:0.0 26:0.0 27:0.0 28:0.0 29:0.0 30:0.0 31:0.0 32:0.0 33:0.0 34:0.0 35:0.0 36:0.0 37:0.0 38:44 39:2 40:2 41:3065 42:7 43:3.85E-8 44:1.6836974E7 45:102 46:1 47:16 48:0 49:0 50:0 51:0